==============================================================================
run started 2026-09-13 18:41:37
args: {"TEST": null, "bal_tol": 0.03, "batch_size": 10, "distill_dir": "./finetune/data/distill", "distill_gamma": 0.0, "distill_lambda": 4.0, "distill_quiet_cap": 0.33, "drift_high_tol": 0.15, "epochs": 40, "eval_every": 0, "focal_gamma": 2.0, "l2sp": 0.001, "lr": 0.0001, "out": "./nmp_salience_finetuned_conv.weights.h5", "pos_weight": 3.0, "real_audio": ["./finetune/data/heroes_opname.flac", "./finetune/data/My Love_opname.flac"], "save_every_epoch": true, "seed": 0, "strategy": "conv", "thresh": null, "train_dir": "./finetune/data/train", "valid_dir": "./finetune/data/valid", "weights": "/home/birkeeper/Documents/git/basic-pitch/basic_pitch/saved_models/icassp_2022/nmp"}
==============================================================================
Output weights: ./nmp_salience_finetuned_conv.weights.h5
Logging to ./nmp_salience_finetuned_conv_20260913-184137.log
Using 167 prepared windows in ./finetune/data/train
Real-audio drift screen: heroes_opname.flac
Real-audio drift screen: My Love_opname.flac
Loaded 7733 salience parameters from /home/birkeeper/Documents/git/basic-pitch/basic_pitch/saved_models/icassp_2022/nmp/variables/variables
Strategy 'conv': 2 trainable layer(s), 7697 parameters ['conv2d', 'contours-reduced']
L2-SP anchoring 2 kernels (lambda=0.001)
baseline     | val_loss=1.4989  recall=0.527  precision=0.453  F=0.487  @thresh=0.170
  Ren Lenny_opname.flac                    110 windows
  Sweet child of mine_opname.flac          124 windows
  That don't impress me much_opname.flac   130 windows
  multicolor_opname.flac                   150 windows
Distilling on 514 real windows (17.0 min), lambda=4 gamma=0

  REAL(2) d@high +0.276 | mean +68.8% r=0.69 worst +62.0%
epoch 1/40  train_loss=1.0658 distill=0.3593  [-> nmp_salience_finetuned_conv_e01.weights.h5]  | val_loss=0.6214  recall=0.552  precision=0.484  F=0.515  @thresh=0.500  | REAL(2) d@high +0.276 | mean +68.8% r=0.69 worst +62.0%  [saved best, +0.028 vs baseline]

  REAL(2) d@high +0.201 | mean +39.5% r=0.76 worst +36.3%
epoch 2/40  train_loss=0.7701 distill=0.3740  [-> nmp_salience_finetuned_conv_e02.weights.h5]  | val_loss=0.7387  recall=0.592  precision=0.512  F=0.550  @thresh=0.380  | REAL(2) d@high +0.201 | mean +39.5% r=0.76 worst +36.3%  [saved best, +0.062 vs baseline]

  REAL(2) d@high +0.236 | mean +46.2% r=0.72 worst +42.2%
epoch 3/40  train_loss=0.7688 distill=0.3677  [-> nmp_salience_finetuned_conv_e03.weights.h5]  | val_loss=0.6663  recall=0.604  precision=0.532  F=0.566  @thresh=0.425  | REAL(2) d@high +0.236 | mean +46.2% r=0.72 worst +42.2%  [saved best, +0.078 vs baseline]

  REAL(2) d@high +0.246 | mean +46.7% r=0.70 worst +42.5%
epoch 4/40  train_loss=0.7643 distill=0.3661  [-> nmp_salience_finetuned_conv_e04.weights.h5]  | val_loss=0.6472  recall=0.613  precision=0.551  F=0.581  @thresh=0.440  | REAL(2) d@high +0.246 | mean +46.7% r=0.70 worst +42.5%  [saved best, +0.093 vs baseline]

  REAL(2) d@high +0.208 | mean +41.7% r=0.67 worst +37.8%
epoch 5/40  train_loss=0.7453 distill=0.3674  [-> nmp_salience_finetuned_conv_e05.weights.h5]  | val_loss=0.6459  recall=0.653  precision=0.576  F=0.612  @thresh=0.425  | REAL(2) d@high +0.208 | mean +41.7% r=0.67 worst +37.8%  [saved best, +0.125 vs baseline]

  REAL(2) d@high +0.211 | mean +43.3% r=0.64 worst +39.2%
epoch 6/40  train_loss=0.7171 distill=0.3687  [-> nmp_salience_finetuned_conv_e06.weights.h5]  | val_loss=0.6230  recall=0.652  precision=0.601  F=0.625  @thresh=0.455  | REAL(2) d@high +0.211 | mean +43.3% r=0.64 worst +39.2%  [saved best, +0.138 vs baseline]

  REAL(2) d@high +0.195 | mean +39.2% r=0.61 worst +35.7%
epoch 7/40  train_loss=0.7173 distill=0.3683  [-> nmp_salience_finetuned_conv_e07.weights.h5]  | val_loss=0.6281  recall=0.658  precision=0.620  F=0.638  @thresh=0.455  | REAL(2) d@high +0.195 | mean +39.2% r=0.61 worst +35.7%  [saved best, +0.151 vs baseline]

  REAL(2) d@high +0.205 | mean +39.2% r=0.60 worst +35.9%
epoch 8/40  train_loss=0.7072 distill=0.3678  [-> nmp_salience_finetuned_conv_e08.weights.h5]  | val_loss=0.6225  recall=0.655  precision=0.620  F=0.637  @thresh=0.470  | REAL(2) d@high +0.205 | mean +39.2% r=0.60 worst +35.9%

  REAL(2) d@high +0.196 | mean +37.0% r=0.59 worst +34.2%
epoch 9/40  train_loss=0.7042 distill=0.3680  [-> nmp_salience_finetuned_conv_e09.weights.h5]  | val_loss=0.6276  recall=0.671  precision=0.611  F=0.640  @thresh=0.455  | REAL(2) d@high +0.196 | mean +37.0% r=0.59 worst +34.2%  [saved best, +0.152 vs baseline]

  REAL(2) d@high +0.185 | mean +35.1% r=0.58 worst +32.7%
epoch 10/40  train_loss=0.7073 distill=0.3671  [-> nmp_salience_finetuned_conv_e10.weights.h5]  | val_loss=0.6318  recall=0.663  precision=0.620  F=0.641  @thresh=0.455  | REAL(2) d@high +0.185 | mean +35.1% r=0.58 worst +32.7%  [saved best, +0.153 vs baseline]

  REAL(2) d@high +0.201 | mean +38.0% r=0.59 worst +35.4%
epoch 11/40  train_loss=0.7001 distill=0.3662  [-> nmp_salience_finetuned_conv_e11.weights.h5]  | val_loss=0.6218  recall=0.682  precision=0.599  F=0.638  @thresh=0.455  | REAL(2) d@high +0.201 | mean +38.0% r=0.59 worst +35.4%

  REAL(2) d@high +0.185 | mean +34.5% r=0.58 worst +32.4%
epoch 12/40  train_loss=0.6952 distill=0.3674  [-> nmp_salience_finetuned_conv_e12.weights.h5]  | val_loss=0.6318  recall=0.665  precision=0.620  F=0.642  @thresh=0.455  | REAL(2) d@high +0.185 | mean +34.5% r=0.58 worst +32.4%  [saved best, +0.154 vs baseline]

  REAL(2) d@high +0.195 | mean +37.1% r=0.58 worst +34.7%
epoch 13/40  train_loss=0.6920 distill=0.3670  [-> nmp_salience_finetuned_conv_e13.weights.h5]  | val_loss=0.6215  recall=0.660  precision=0.624  F=0.641  @thresh=0.470  | REAL(2) d@high +0.195 | mean +37.1% r=0.58 worst +34.7%

  REAL(2) d@high +0.201 | mean +38.3% r=0.58 worst +35.8%
epoch 14/40  train_loss=0.6993 distill=0.3654  [-> nmp_salience_finetuned_conv_e14.weights.h5]  | val_loss=0.6162  recall=0.672  precision=0.618  F=0.644  @thresh=0.470  | REAL(2) d@high +0.201 | mean +38.3% r=0.58 worst +35.8%  [saved best, +0.157 vs baseline]

  REAL(2) d@high +0.184 | mean +33.2% r=0.58 worst +31.4%
epoch 15/40  train_loss=0.6918 distill=0.3670  [-> nmp_salience_finetuned_conv_e15.weights.h5]  | val_loss=0.6346  recall=0.664  precision=0.631  F=0.647  @thresh=0.455  | REAL(2) d@high +0.184 | mean +33.2% r=0.58 worst +31.4%  [saved best, +0.160 vs baseline]

  REAL(2) d@high +0.187 | mean +34.5% r=0.58 worst +32.5%
