==============================================================================
run started 2026-09-13 17:37:40
args: {"TEST": null, "bal_tol": 0.03, "batch_size": 10, "distill_dir": "./finetune/data/distill", "distill_gamma": 0.0, "distill_lambda": 1.0, "distill_quiet_cap": 0.33, "drift_high_tol": 0.15, "epochs": 40, "eval_every": 0, "focal_gamma": 2.0, "l2sp": 0.001, "lr": 0.0001, "out": "./nmp_salience_finetuned_conv.weights.h5", "pos_weight": 3.0, "real_audio": ["./finetune/data/heroes_opname.flac", "./finetune/data/My Love_opname.flac"], "save_every_epoch": true, "seed": 0, "strategy": "conv", "thresh": null, "train_dir": "./finetune/data/train", "valid_dir": "./finetune/data/valid", "weights": "/home/birkeeper/Documents/git/basic-pitch/basic_pitch/saved_models/icassp_2022/nmp"}
==============================================================================
Output weights: ./nmp_salience_finetuned_conv.weights.h5
Logging to ./nmp_salience_finetuned_conv_20260913-173740.log
Using 167 prepared windows in ./finetune/data/train
Real-audio drift screen: heroes_opname.flac
Real-audio drift screen: My Love_opname.flac
Loaded 7733 salience parameters from /home/birkeeper/Documents/git/basic-pitch/basic_pitch/saved_models/icassp_2022/nmp/variables/variables
Strategy 'conv': 2 trainable layer(s), 7697 parameters ['conv2d', 'contours-reduced']
L2-SP anchoring 2 kernels (lambda=0.001)
baseline     | val_loss=1.4989  recall=0.527  precision=0.453  F=0.487  @thresh=0.170
  Ren Lenny_opname.flac                    110 windows
  Sweet child of mine_opname.flac          124 windows
  That don't impress me much_opname.flac   130 windows
  multicolor_opname.flac                   150 windows
Distilling on 514 real windows (17.0 min), lambda=1 gamma=0

  REAL(2) d@high +0.299 | mean +81.4% r=0.66 worst +73.0%
epoch 1/40  train_loss=1.0570 distill=0.3620  [-> nmp_salience_finetuned_conv_e01.weights.h5]  | val_loss=0.6033  recall=0.542  precision=0.480  F=0.509  @thresh=0.545  | REAL(2) d@high +0.299 | mean +81.4% r=0.66 worst +73.0%  [saved best, +0.022 vs baseline]

  REAL(2) d@high +0.226 | mean +52.2% r=0.73 worst +47.7%
epoch 2/40  train_loss=0.6871 distill=0.3962  [-> nmp_salience_finetuned_conv_e02.weights.h5]  | val_loss=0.6685  recall=0.552  precision=0.521  F=0.536  @thresh=0.440  | REAL(2) d@high +0.226 | mean +52.2% r=0.73 worst +47.7%  [saved best, +0.049 vs baseline]

  REAL(2) d@high +0.265 | mean +63.3% r=0.68 worst +57.5%
epoch 3/40  train_loss=0.7169 distill=0.3767  [-> nmp_salience_finetuned_conv_e03.weights.h5]  | val_loss=0.6087  recall=0.602  precision=0.509  F=0.552  @thresh=0.470  | REAL(2) d@high +0.265 | mean +63.3% r=0.68 worst +57.5%  [saved best, +0.064 vs baseline]

  REAL(2) d@high +0.261 | mean +56.8% r=0.69 worst +51.7%
epoch 4/40  train_loss=0.6922 distill=0.3792  [-> nmp_salience_finetuned_conv_e04.weights.h5]  | val_loss=0.6174  recall=0.598  precision=0.546  F=0.571  @thresh=0.470  | REAL(2) d@high +0.261 | mean +56.8% r=0.69 worst +51.7%  [saved best, +0.084 vs baseline]

  REAL(2) d@high +0.257 | mean +53.3% r=0.68 worst +48.5%
epoch 5/40  train_loss=0.6851 distill=0.3793  [-> nmp_salience_finetuned_conv_e05.weights.h5]  | val_loss=0.6173  recall=0.631  precision=0.547  F=0.586  @thresh=0.455  | REAL(2) d@high +0.257 | mean +53.3% r=0.68 worst +48.5%  [saved best, +0.099 vs baseline]

  REAL(2) d@high +0.210 | mean +48.9% r=0.64 worst +44.2%
epoch 6/40  train_loss=0.6755 distill=0.3786  [-> nmp_salience_finetuned_conv_e06.weights.h5]  | val_loss=0.6092  recall=0.650  precision=0.589  F=0.618  @thresh=0.455  | REAL(2) d@high +0.210 | mean +48.9% r=0.64 worst +44.2%  [saved best, +0.131 vs baseline]

  REAL(2) d@high +0.200 | mean +50.0% r=0.59 worst +45.1%
epoch 7/40  train_loss=0.6583 distill=0.3800  [-> nmp_salience_finetuned_conv_e07.weights.h5]  | val_loss=0.5912  recall=0.642  precision=0.620  F=0.631  @thresh=0.485  | REAL(2) d@high +0.200 | mean +50.0% r=0.59 worst +45.1%  [saved best, +0.144 vs baseline]

  REAL(2) d@high +0.216 | mean +48.5% r=0.58 worst +43.8%
epoch 8/40  train_loss=0.6603 distill=0.3770  [-> nmp_salience_finetuned_conv_e08.weights.h5]  | val_loss=0.5932  recall=0.653  precision=0.618  F=0.635  @thresh=0.500  | REAL(2) d@high +0.216 | mean +48.5% r=0.58 worst +43.8%  [saved best, +0.148 vs baseline]

  REAL(2) d@high +0.207 | mean +45.6% r=0.57 worst +41.3%
epoch 9/40  train_loss=0.6587 distill=0.3779  [-> nmp_salience_finetuned_conv_e09.weights.h5]  | val_loss=0.5969  recall=0.657  precision=0.621  F=0.639  @thresh=0.500  | REAL(2) d@high +0.207 | mean +45.6% r=0.57 worst +41.3%  [saved best, +0.151 vs baseline]
