==============================================================================
run started 2026-09-13 19:17:33
args: {"TEST": null, "bal_tol": 0.03, "batch_size": 10, "distill_dir": "./finetune/data/distill", "distill_gamma": 0.0, "distill_lambda": 2.0, "distill_quiet_cap": 0.33, "drift_high_tol": 0.15, "epochs": 40, "eval_every": 0, "focal_gamma": 1.0, "l2sp": 0.001, "lr": 0.0001, "out": "./nmp_salience_finetuned_conv.weights.h5", "pos_weight": 3.0, "real_audio": ["./finetune/data/heroes_opname.flac", "./finetune/data/My Love_opname.flac"], "save_every_epoch": true, "seed": 0, "strategy": "conv", "thresh": null, "train_dir": "./finetune/data/train", "valid_dir": "./finetune/data/valid", "weights": "/home/birkeeper/Documents/git/basic-pitch/basic_pitch/saved_models/icassp_2022/nmp"}
==============================================================================
Output weights: ./nmp_salience_finetuned_conv.weights.h5
Logging to ./nmp_salience_finetuned_conv_20260913-191733.log
Using 167 prepared windows in ./finetune/data/train
Real-audio drift screen: heroes_opname.flac
Real-audio drift screen: My Love_opname.flac
Loaded 7733 salience parameters from /home/birkeeper/Documents/git/basic-pitch/basic_pitch/saved_models/icassp_2022/nmp/variables/variables
Strategy 'conv': 2 trainable layer(s), 7697 parameters ['conv2d', 'contours-reduced']
L2-SP anchoring 2 kernels (lambda=0.001)
baseline     | val_loss=0.6742  recall=0.527  precision=0.453  F=0.487  @thresh=0.170
  Ren Lenny_opname.flac                    110 windows
  Sweet child of mine_opname.flac          124 windows
  That don't impress me much_opname.flac   130 windows
  multicolor_opname.flac                   150 windows
Distilling on 514 real windows (17.0 min), lambda=2 gamma=0

  REAL(2) d@high +0.223 | mean +39.0% r=0.76 worst +35.0%
epoch 1/40  train_loss=0.5671 distill=0.3519  [-> nmp_salience_finetuned_conv_e01.weights.h5]  | val_loss=0.3943  recall=0.544  precision=0.529  F=0.536  @thresh=0.425  | REAL(2) d@high +0.223 | mean +39.0% r=0.76 worst +35.0%  [saved best, +0.049 vs baseline]

  REAL(2) d@high +0.194 | mean +20.4% r=0.77 worst +17.9%
epoch 2/40  train_loss=0.4968 distill=0.3541  [-> nmp_salience_finetuned_conv_e02.weights.h5]  | val_loss=0.4156  recall=0.606  precision=0.524  F=0.562  @thresh=0.350  | REAL(2) d@high +0.194 | mean +20.4% r=0.77 worst +17.9%  [saved best, +0.074 vs baseline]

  REAL(2) d@high +0.197 | mean +15.2% r=0.75 worst +12.9%
epoch 3/40  train_loss=0.4773 distill=0.3559  [-> nmp_salience_finetuned_conv_e03.weights.h5]  | val_loss=0.4153  recall=0.577  precision=0.585  F=0.581  @thresh=0.380  | REAL(2) d@high +0.197 | mean +15.2% r=0.75 worst +12.9%  [saved best, +0.094 vs baseline]

  REAL(2) d@high +0.197 | mean +17.1% r=0.70 worst +14.1%
epoch 4/40  train_loss=0.4759 distill=0.3562  [-> nmp_salience_finetuned_conv_e04.weights.h5]  | val_loss=0.3970  recall=0.637  precision=0.584  F=0.609  @thresh=0.380  | REAL(2) d@high +0.197 | mean +17.1% r=0.70 worst +14.1%  [saved best, +0.122 vs baseline]

  REAL(2) d@high +0.192 | mean +15.7% r=0.67 worst +12.8%
epoch 5/40  train_loss=0.4672 distill=0.3580  [-> nmp_salience_finetuned_conv_e05.weights.h5]  | val_loss=0.3904  recall=0.637  precision=0.626  F=0.631  @thresh=0.410  | REAL(2) d@high +0.192 | mean +15.7% r=0.67 worst +12.8%  [saved best, +0.144 vs baseline]

  REAL(2) d@high +0.199 | mean +15.5% r=0.64 worst +12.7%
epoch 6/40  train_loss=0.4615 distill=0.3597  [-> nmp_salience_finetuned_conv_e06.weights.h5]  | val_loss=0.3858  recall=0.643  precision=0.632  F=0.637  @thresh=0.425  | REAL(2) d@high +0.199 | mean +15.5% r=0.64 worst +12.7%  [saved best, +0.150 vs baseline]

  REAL(2) d@high +0.188 | mean +12.0% r=0.62 worst +9.9%
epoch 7/40  train_loss=0.4586 distill=0.3615  [-> nmp_salience_finetuned_conv_e07.weights.h5]  | val_loss=0.3905  recall=0.660  precision=0.632  F=0.646  @thresh=0.410  | REAL(2) d@high +0.188 | mean +12.0% r=0.62 worst +9.9%  [saved best, +0.159 vs baseline]

  REAL(2) d@high +0.206 | mean +13.9% r=0.62 worst +11.8%
epoch 8/40  train_loss=0.4557 distill=0.3620  [-> nmp_salience_finetuned_conv_e08.weights.h5]  | val_loss=0.3855  recall=0.684  precision=0.614  F=0.647  @thresh=0.410  | REAL(2) d@high +0.206 | mean +13.9% r=0.62 worst +11.8%  [saved best, +0.160 vs baseline]

  REAL(2) d@high +0.195 | mean +10.2% r=0.62 worst +8.6%
epoch 9/40  train_loss=0.4526 distill=0.3625  [-> nmp_salience_finetuned_conv_e09.weights.h5]  | val_loss=0.3922  recall=0.670  precision=0.636  F=0.653  @thresh=0.410  | REAL(2) d@high +0.195 | mean +10.2% r=0.62 worst +8.6%  [saved best, +0.165 vs baseline]

  REAL(2) d@high +0.192 | mean +9.5% r=0.61 worst +8.0%
epoch 10/40  train_loss=0.4568 distill=0.3628  [-> nmp_salience_finetuned_conv_e10.weights.h5]  | val_loss=0.3917  recall=0.679  precision=0.639  F=0.658  @thresh=0.410  | REAL(2) d@high +0.192 | mean +9.5% r=0.61 worst +8.0%  [saved best, +0.171 vs baseline]

  REAL(2) d@high +0.210 | mean +11.8% r=0.61 worst +9.9%
epoch 11/40  train_loss=0.4541 distill=0.3624  [-> nmp_salience_finetuned_conv_e11.weights.h5]  | val_loss=0.3876  recall=0.674  precision=0.638  F=0.656  @thresh=0.425  | REAL(2) d@high +0.210 | mean +11.8% r=0.61 worst +9.9%

  REAL(2) d@high +0.190 | mean +7.3% r=0.61 worst +5.9%
epoch 12/40  train_loss=0.4518 distill=0.3636  [-> nmp_salience_finetuned_conv_e12.weights.h5]  | val_loss=0.3956  recall=0.696  precision=0.633  F=0.663  @thresh=0.395  | REAL(2) d@high +0.190 | mean +7.3% r=0.61 worst +5.9%  [saved best, +0.176 vs baseline]

  REAL(2) d@high +0.202 | mean +9.4% r=0.61 worst +7.8%
epoch 13/40  train_loss=0.4519 distill=0.3637  [-> nmp_salience_finetuned_conv_e13.weights.h5]  | val_loss=0.3910  recall=0.674  precision=0.655  F=0.664  @thresh=0.425  | REAL(2) d@high +0.202 | mean +9.4% r=0.61 worst +7.8%  [saved best, +0.177 vs baseline]

  REAL(2) d@high +0.213 | mean +11.7% r=0.61 worst +9.8%
epoch 14/40  train_loss=0.4566 distill=0.3624  [-> nmp_salience_finetuned_conv_e14.weights.h5]  | val_loss=0.3859  recall=0.676  precision=0.655  F=0.665  @thresh=0.440  | REAL(2) d@high +0.213 | mean +11.7% r=0.61 worst +9.8%  [saved best, +0.178 vs baseline]

  REAL(2) d@high +0.193 | mean +6.6% r=0.61 worst +5.2%
epoch 15/40  train_loss=0.4531 distill=0.3635  [-> nmp_salience_finetuned_conv_e15.weights.h5]  | val_loss=0.3968  recall=0.683  precision=0.655  F=0.669  @thresh=0.410  | REAL(2) d@high +0.193 | mean +6.6% r=0.61 worst +5.2%  [saved best, +0.181 vs baseline]

  REAL(2) d@high +0.197 | mean +7.2% r=0.61 worst +5.6%
epoch 16/40  train_loss=0.4541 distill=0.3637  [-> nmp_salience_finetuned_conv_e16.weights.h5]  | val_loss=0.3947  recall=0.694  precision=0.650  F=0.671  @thresh=0.410  | REAL(2) d@high +0.197 | mean +7.2% r=0.61 worst +5.6%  [saved best, +0.184 vs baseline]

  REAL(2) d@high +0.202 | mean +7.8% r=0.61 worst +6.1%
epoch 17/40  train_loss=0.4549 distill=0.3631  [-> nmp_salience_finetuned_conv_e17.weights.h5]  | val_loss=0.3930  recall=0.669  precision=0.677  F=0.673  @thresh=0.440  | REAL(2) d@high +0.202 | mean +7.8% r=0.61 worst +6.1%  [saved best, +0.186 vs baseline]

  REAL(2) d@high +0.186 | mean +2.9% r=0.61 worst +1.6%
epoch 18/40  train_loss=0.4524 distill=0.3633  [-> nmp_salience_finetuned_conv_e18.weights.h5]  | val_loss=0.4038  recall=0.681  precision=0.673  F=0.677  @thresh=0.410  | REAL(2) d@high +0.186 | mean +2.9% r=0.61 worst +1.6%  [saved best, +0.189 vs baseline]

  REAL(2) d@high +0.201 | mean +6.6% r=0.61 worst +4.9%
epoch 19/40  train_loss=0.4560 distill=0.3639  [-> nmp_salience_finetuned_conv_e19.weights.h5]  | val_loss=0.3949  recall=0.687  precision=0.667  F=0.677  @thresh=0.425  | REAL(2) d@high +0.201 | mean +6.6% r=0.61 worst +4.9%  [saved best, +0.189 vs baseline]

  REAL(2) d@high +0.185 | mean +2.9% r=0.61 worst +1.6%
epoch 20/40  train_loss=0.4545 distill=0.3641  [-> nmp_salience_finetuned_conv_e20.weights.h5]  | val_loss=0.4030  recall=0.686  precision=0.674  F=0.680  @thresh=0.410  | REAL(2) d@high +0.185 | mean +2.9% r=0.61 worst +1.6%  [saved best, +0.193 vs baseline]

  REAL(2) d@high +0.190 | mean +4.1% r=0.61 worst +2.7%
epoch 21/40  train_loss=0.4536 distill=0.3627  [-> nmp_salience_finetuned_conv_e21.weights.h5]  | val_loss=0.4009  recall=0.691  precision=0.673  F=0.682  @thresh=0.410  | REAL(2) d@high +0.190 | mean +4.1% r=0.61 worst +2.7%  [saved best, +0.194 vs baseline]

  REAL(2) d@high +0.195 | mean +5.6% r=0.61 worst +3.9%
epoch 22/40  train_loss=0.4563 distill=0.3640  [-> nmp_salience_finetuned_conv_e22.weights.h5]  | val_loss=0.3966  recall=0.690  precision=0.676  F=0.683  @thresh=0.425  | REAL(2) d@high +0.195 | mean +5.6% r=0.61 worst +3.9%  [saved best, +0.195 vs baseline]

  REAL(2) d@high +0.189 | mean +2.9% r=0.61 worst +1.4%
epoch 23/40  train_loss=0.4506 distill=0.3635  [-> nmp_salience_finetuned_conv_e23.weights.h5]  | val_loss=0.4014  recall=0.679  precision=0.689  F=0.684  @thresh=0.425  | REAL(2) d@high +0.189 | mean +2.9% r=0.61 worst +1.4%  [saved best, +0.197 vs baseline]

  REAL(2) d@high +0.193 | mean +4.0% r=0.61 worst +2.4%
epoch 24/40  train_loss=0.4556 distill=0.3641  [-> nmp_salience_finetuned_conv_e24.weights.h5]  | val_loss=0.3994  recall=0.683  precision=0.685  F=0.684  @thresh=0.425  | REAL(2) d@high +0.193 | mean +4.0% r=0.61 worst +2.4%  [saved best, +0.197 vs baseline]

  REAL(2) d@high +0.184 | mean +2.6% r=0.61 worst +1.0%
epoch 25/40  train_loss=0.4524 distill=0.3630  [-> nmp_salience_finetuned_conv_e25.weights.h5]  | val_loss=0.4026  recall=0.692  precision=0.679  F=0.685  @thresh=0.410  | REAL(2) d@high +0.184 | mean +2.6% r=0.61 worst +1.0%  [saved best, +0.198 vs baseline]

  REAL(2) d@high +0.202 | mean +6.3% r=0.61 worst +4.2%
epoch 26/40  train_loss=0.4555 distill=0.3639  [-> nmp_salience_finetuned_conv_e26.weights.h5]  | val_loss=0.3934  recall=0.688  precision=0.685  F=0.686  @thresh=0.440  | REAL(2) d@high +0.202 | mean +6.3% r=0.61 worst +4.2%  [saved best, +0.199 vs baseline]

  REAL(2) d@high +0.186 | mean +2.0% r=0.61 worst +0.4%
epoch 27/40  train_loss=0.4543 distill=0.3634  [-> nmp_salience_finetuned_conv_e27.weights.h5]  | val_loss=0.4024  recall=0.697  precision=0.678  F=0.688  @thresh=0.410  | REAL(2) d@high +0.186 | mean +2.0% r=0.61 worst +0.4%  [saved best, +0.200 vs baseline]

  REAL(2) d@high +0.177 | mean +1.1% r=0.61 worst -0.5%
epoch 28/40  train_loss=0.4537 distill=0.3639  [-> nmp_salience_finetuned_conv_e28.weights.h5]  | val_loss=0.4059  recall=0.688  precision=0.688  F=0.688  @thresh=0.410  | REAL(2) d@high +0.177 | mean +1.1% r=0.61 worst -0.5%  [saved best, +0.201 vs baseline]

  REAL(2) d@high +0.190 | mean +2.8% r=0.61 worst +0.9%
epoch 29/40  train_loss=0.4544 distill=0.3634  [-> nmp_salience_finetuned_conv_e29.weights.h5]  | val_loss=0.3997  recall=0.690  precision=0.688  F=0.689  @thresh=0.425  | REAL(2) d@high +0.190 | mean +2.8% r=0.61 worst +0.9%  [saved best, +0.202 vs baseline]

  REAL(2) d@high +0.196 | mean +5.0% r=0.61 worst +2.8%
epoch 30/40  train_loss=0.4535 distill=0.3634  [-> nmp_salience_finetuned_conv_e30.weights.h5]  | val_loss=0.3942  recall=0.686  precision=0.691  F=0.688  @thresh=0.440  | REAL(2) d@high +0.196 | mean +5.0% r=0.61 worst +2.8%

  REAL(2) d@high +0.176 | mean +0.5% r=0.61 worst -1.2%
epoch 31/40  train_loss=0.4510 distill=0.3634  [-> nmp_salience_finetuned_conv_e31.weights.h5]  | val_loss=0.4047  recall=0.693  precision=0.689  F=0.691  @thresh=0.410  | REAL(2) d@high +0.176 | mean +0.5% r=0.61 worst -1.2%  [saved best, +0.203 vs baseline]

  REAL(2) d@high +0.193 | mean +2.9% r=0.61 worst +0.7%
epoch 32/40  train_loss=0.4559 distill=0.3648  [-> nmp_salience_finetuned_conv_e32.weights.h5]  | val_loss=0.3964  recall=0.686  precision=0.698  F=0.692  @thresh=0.440  | REAL(2) d@high +0.193 | mean +2.9% r=0.61 worst +0.7%  [saved best, +0.205 vs baseline]

  REAL(2) d@high +0.179 | mean +2.8% r=0.61 worst +0.9%
epoch 33/40  train_loss=0.4507 distill=0.3629  [-> nmp_salience_finetuned_conv_e33.weights.h5]  | val_loss=0.3989  recall=0.687  precision=0.700  F=0.693  @thresh=0.425  | REAL(2) d@high +0.179 | mean +2.8% r=0.61 worst +0.9%  [saved best, +0.206 vs baseline]

  REAL(2) d@high +0.193 | mean +3.2% r=0.61 worst +0.8%
epoch 34/40  train_loss=0.4527 distill=0.3644  [-> nmp_salience_finetuned_conv_e34.weights.h5]  | val_loss=0.3951  recall=0.691  precision=0.695  F=0.693  @thresh=0.440  | REAL(2) d@high +0.193 | mean +3.2% r=0.61 worst +0.8%

  REAL(2) d@high +0.173 | mean -0.1% r=0.61 worst -1.9%
epoch 35/40  train_loss=0.4517 distill=0.3634  [-> nmp_salience_finetuned_conv_e35.weights.h5]  | val_loss=0.4040  recall=0.695  precision=0.694  F=0.695  @thresh=0.410  | REAL(2) d@high +0.173 | mean -0.1% r=0.61 worst -1.9%  [saved best, +0.207 vs baseline]

  REAL(2) d@high +0.183 | mean +0.8% r=0.61 worst -1.2%
epoch 36/40  train_loss=0.4526 distill=0.3631  [-> nmp_salience_finetuned_conv_e36.weights.h5]  | val_loss=0.4003  recall=0.691  precision=0.701  F=0.695  @thresh=0.425  | REAL(2) d@high +0.183 | mean +0.8% r=0.61 worst -1.2%  [saved best, +0.208 vs baseline]

  REAL(2) d@high +0.171 | mean -0.6% r=0.61 worst -2.5%
epoch 37/40  train_loss=0.4513 distill=0.3637  [-> nmp_salience_finetuned_conv_e37.weights.h5]  | val_loss=0.4035  recall=0.697  precision=0.693  F=0.695  @thresh=0.410  | REAL(2) d@high +0.171 | mean -0.6% r=0.61 worst -2.5%

  REAL(2) d@high +0.177 | mean +0.9% r=0.61 worst -1.3%
epoch 38/40  train_loss=0.4510 distill=0.3637  [-> nmp_salience_finetuned_conv_e38.weights.h5]  | val_loss=0.3990  recall=0.707  precision=0.682  F=0.694  @thresh=0.410  | REAL(2) d@high +0.177 | mean +0.9% r=0.61 worst -1.3%

  REAL(2) d@high +0.188 | mean +2.8% r=0.61 worst +0.4%
epoch 39/40  train_loss=0.4528 distill=0.3633  [-> nmp_salience_finetuned_conv_e39.weights.h5]  | val_loss=0.3948  recall=0.702  precision=0.688  F=0.695  @thresh=0.425  | REAL(2) d@high +0.188 | mean +2.8% r=0.61 worst +0.4%

  REAL(2) d@high +0.171 | mean -1.0% r=0.61 worst -3.0%
epoch 40/40  train_loss=0.4492 distill=0.3634  [-> nmp_salience_finetuned_conv_e40.weights.h5]  | val_loss=0.4048  recall=0.696  precision=0.696  F=0.696  @thresh=0.410  | REAL(2) d@high +0.171 | mean -1.0% r=0.61 worst -3.0%  [saved best, +0.208 vs baseline]
Best (highest F, guards satisfied) weights saved to ./nmp_salience_finetuned_conv.weights.h5 -- from e40, F 0.696 vs baseline 0.487

checkpoint summary
  e01 | val_loss=0.3943  recall=0.544  precision=0.529  F=0.536  @thresh=0.425
  e02 | val_loss=0.4156  recall=0.606  precision=0.524  F=0.562  @thresh=0.350
  e03 | val_loss=0.4153  recall=0.577  precision=0.585  F=0.581  @thresh=0.380
  e04 | val_loss=0.3970  recall=0.637  precision=0.584  F=0.609  @thresh=0.380
  e05 | val_loss=0.3904  recall=0.637  precision=0.626  F=0.631  @thresh=0.410
  e06 | val_loss=0.3858  recall=0.643  precision=0.632  F=0.637  @thresh=0.425
  e07 | val_loss=0.3905  recall=0.660  precision=0.632  F=0.646  @thresh=0.410
  e08 | val_loss=0.3855  recall=0.684  precision=0.614  F=0.647  @thresh=0.410
  e09 | val_loss=0.3922  recall=0.670  precision=0.636  F=0.653  @thresh=0.410
  e10 | val_loss=0.3917  recall=0.679  precision=0.639  F=0.658  @thresh=0.410
  e11 | val_loss=0.3876  recall=0.674  precision=0.638  F=0.656  @thresh=0.425
  e12 | val_loss=0.3956  recall=0.696  precision=0.633  F=0.663  @thresh=0.395
  e13 | val_loss=0.3910  recall=0.674  precision=0.655  F=0.664  @thresh=0.425
  e14 | val_loss=0.3859  recall=0.676  precision=0.655  F=0.665  @thresh=0.440
  e15 | val_loss=0.3968  recall=0.683  precision=0.655  F=0.669  @thresh=0.410
  e16 | val_loss=0.3947  recall=0.694  precision=0.650  F=0.671  @thresh=0.410
  e17 | val_loss=0.3930  recall=0.669  precision=0.677  F=0.673  @thresh=0.440
  e18 | val_loss=0.4038  recall=0.681  precision=0.673  F=0.677  @thresh=0.410
  e19 | val_loss=0.3949  recall=0.687  precision=0.667  F=0.677  @thresh=0.425
  e20 | val_loss=0.4030  recall=0.686  precision=0.674  F=0.680  @thresh=0.410
  e21 | val_loss=0.4009  recall=0.691  precision=0.673  F=0.682  @thresh=0.410
  e22 | val_loss=0.3966  recall=0.690  precision=0.676  F=0.683  @thresh=0.425
  e23 | val_loss=0.4014  recall=0.679  precision=0.689  F=0.684  @thresh=0.425
  e24 | val_loss=0.3994  recall=0.683  precision=0.685  F=0.684  @thresh=0.425
  e25 | val_loss=0.4026  recall=0.692  precision=0.679  F=0.685  @thresh=0.410
  e26 | val_loss=0.3934  recall=0.688  precision=0.685  F=0.686  @thresh=0.440
  e27 | val_loss=0.4024  recall=0.697  precision=0.678  F=0.688  @thresh=0.410
  e28 | val_loss=0.4059  recall=0.688  precision=0.688  F=0.688  @thresh=0.410
  e29 | val_loss=0.3997  recall=0.690  precision=0.688  F=0.689  @thresh=0.425
  e30 | val_loss=0.3942  recall=0.686  precision=0.691  F=0.688  @thresh=0.440
  e31 | val_loss=0.4047  recall=0.693  precision=0.689  F=0.691  @thresh=0.410
  e32 | val_loss=0.3964  recall=0.686  precision=0.698  F=0.692  @thresh=0.440
  e33 | val_loss=0.3989  recall=0.687  precision=0.700  F=0.693  @thresh=0.425
  e34 | val_loss=0.3951  recall=0.691  precision=0.695  F=0.693  @thresh=0.440
  e35 | val_loss=0.4040  recall=0.695  precision=0.694  F=0.695  @thresh=0.410
  e36 | val_loss=0.4003  recall=0.691  precision=0.701  F=0.695  @thresh=0.425
  e37 | val_loss=0.4035  recall=0.697  precision=0.693  F=0.695  @thresh=0.410
  e38 | val_loss=0.3990  recall=0.707  precision=0.682  F=0.694  @thresh=0.410
  e39 | val_loss=0.3948  recall=0.702  precision=0.688  F=0.695  @thresh=0.425
  e40 | val_loss=0.4048  recall=0.696  precision=0.696  F=0.696  @thresh=0.410
